// Jest Snapshot v1, https://goo.gl/fbAQLP

exports[`Input Component should render input component 1`] = `
Array [
  <div
    className="border-sizing sc-ifAKCX jmfedv"
  >
    <input
      className="sc-bZQynM iByWja"
      id="input"
      name="input"
      onChange={[Function]}
      required={false}
      type="text"
    />
    
  </div>,
  <div
    className="border-sizing sc-ifAKCX jmfedv"
  >
    <label
      className="sc-EHOje kyfnqM"
      htmlFor="input"
    >
      <span
        className="sc-bxivhb bUZGRr"
      >
        My Input
      </span>
      
    </label>
    <input
      className="sc-bZQynM iByWja"
      id="input"
      name="input"
      onChange={[Function]}
      required={false}
      type="text"
    />
    
  </div>,
  <div
    className="border-sizing sc-ifAKCX jmfedv"
  >
    <label
      className="sc-EHOje kyfnqM"
      htmlFor="input"
    >
      <span
        className="sc-bxivhb bUZGRr"
      >
        My Input
      </span>
       *
    </label>
    <input
      className="sc-bZQynM iByWja"
      id="input"
      name="input"
      onChange={[Function]}
      required={true}
      type="text"
    />
    
  </div>,
  <div
    className="my-class border-sizing sc-ifAKCX jmfedv"
  >
    <label
      className="sc-EHOje kyfnqM"
      htmlFor="input"
    >
      <span
        className="sc-bxivhb bUZGRr"
      >
        My Input
      </span>
       *
    </label>
    <input
      className="sc-bZQynM iByWja"
      id="input"
      name="input"
      onChange={[Function]}
      required={true}
      type="text"
    />
    
  </div>,
]
`;
