// Jest Snapshot v1, https://goo.gl/fbAQLP

exports[`App should render App 1`] = `
Array [
  <div
    className="container"
  >
    <h2
      className="sc-bwzfXH eTarrl"
    >
      Form
    </h2>
    <form
      className="sc-dnqmqq dkkdNN"
      noValidate={true}
      onSubmit={[Function]}
    >
      <div>
        <h3
          className="user-title sc-htpNat kSTdGb"
        >
          Cliente
        </h3>
        <div
          className="grid user-details "
        >
          <div
            className="border-sizing sc-EHOje hcPLoZ"
          >
            <label
              className="sc-bZQynM fGYiaS"
              htmlFor="name"
            >
              <span
                className="sc-ifAKCX cFlEyZ"
              >
                Nome
              </span>
               *
            </label>
            <input
              className="sc-gzVnrw lmiusb"
              id="name"
              name="name"
              onChange={[Function]}
              required={true}
            />
            
          </div>
          <div
            className="border-sizing sc-EHOje hcPLoZ"
          >
            <label
              className="sc-bZQynM fGYiaS"
              htmlFor="birthday"
            >
              <span
                className="sc-ifAKCX cFlEyZ"
              >
                Data de nascimento
              </span>
               *
            </label>
            <input
              className="sc-gzVnrw lmiusb"
              id="birthday"
              max="2019-07-20"
              name="birthday"
              onChange={[Function]}
              required={true}
              type="date"
            />
            
          </div>
        </div>
        <div
          className="grid user-address"
        >
          <div
            className="border-sizing sc-EHOje hcPLoZ"
          >
            <label
              className="sc-bZQynM fGYiaS"
              htmlFor="state"
            >
              <span
                className="sc-ifAKCX cFlEyZ"
              >
                Estado
              </span>
               *
            </label>
            <input
              className="sc-gzVnrw lmiusb"
              id="state"
              maxLength="2"
              name="state"
              onChange={[Function]}
              pattern="[A-Za-z]{2}"
              required={true}
            />
            
          </div>
        </div>
      </div>
      <div
        className="sc-gZMcBi geStiv"
      >
        <h3
          className="phones-title sc-htpNat kSTdGb"
        >
          Telefones
        </h3>
        <div
          className="grid phones-list"
        >
          <span
            className="sc-ifAKCX cFlEyZ"
          >
            Não há telefones cadastrados!
          </span>
        </div>
        <div
          className="grid phones-form"
        >
          <div
            className="flex"
          >
            <button
              className="button-md button-outline-success transition-all sc-bdVaJa dyiLYP"
              onClick={[Function]}
              type="button"
            >
              Adicionar mais
            </button>
          </div>
        </div>
      </div>
      <div
        className="sc-gqjmRU loubtk"
      >
        <h3
          className="emails-title sc-htpNat kSTdGb"
        >
          E-mails
        </h3>
        <div
          className="grid emails-list"
        >
          <span
            className="sc-ifAKCX cFlEyZ"
          >
            Não há e-mails cadastrados!
          </span>
        </div>
        <div
          className="grid emails-form"
        >
          <div
            className="flex"
          >
            <button
              className="button-md button-outline-success transition-all sc-bdVaJa dyiLYP"
              onClick={[Function]}
              type="button"
            >
              Adicionar mais
            </button>
          </div>
        </div>
      </div>
      <div
        className="sc-iwsKbI leChZW"
      >
        <h3
          className="parent-title sc-htpNat kSTdGb"
        >
          Responsável
        </h3>
        <div
          className="grid parent-details"
        >
          <div
            className="border-sizing sc-EHOje hcPLoZ"
          >
            <label
              className="sc-bZQynM fGYiaS"
              htmlFor="parent-name"
            >
              <span
                className="sc-ifAKCX cFlEyZ"
              >
                Nome
              </span>
               *
            </label>
            <input
              className="sc-gzVnrw lmiusb"
              id="parent-name"
              name="parent-name"
              onChange={[Function]}
              required={true}
            />
            
          </div>
          <div
            className="grid phones-form-fields"
          >
            <div
              className="border-sizing sc-EHOje hcPLoZ"
            >
              <label
                className="sc-bZQynM fGYiaS"
                htmlFor="parent-phone-code"
              >
                <span
                  className="sc-ifAKCX cFlEyZ"
                >
                  DDD
                </span>
                 *
              </label>
              <input
                className="sc-gzVnrw lmiusb"
                id="parent-phone-code"
                maxLength="2"
                minLength="2"
                name="parent-phone-code"
                onChange={[Function]}
                pattern="[0-9]*"
                placeholder="DDD"
                required={true}
              />
              
            </div>
            <div
              className="border-sizing sc-EHOje hcPLoZ"
            >
              <label
                className="sc-bZQynM fGYiaS"
                htmlFor="parent-phone-number"
              >
                <span
                  className="sc-ifAKCX cFlEyZ"
                >
                  Telefone
                </span>
                 *
              </label>
              <input
                className="sc-gzVnrw lmiusb"
                id="parent-phone-number"
                maxLength="9"
                minLength="8"
                name="parent-phone-number"
                onChange={[Function]}
                pattern="[0-9]*"
                required={true}
              />
              
            </div>
          </div>
        </div>
      </div>
      <button
        className="button-lg button-normal-default transition-all sc-bdVaJa dyiLYP"
        onClick={[Function]}
        type="submit"
      >
        Salvar Cliente
      </button>
    </form>
  </div>,
  <div
    className="container"
  >
    <h2
      className="sc-bwzfXH eTarrl"
    >
      Slider Default
    </h2>
    <div
      className="relative sc-VigVT bxaSuL"
    >
      <div
        className="full-content relative sc-jTzLTM eCMmlJ"
      >
        <div
          className="visible transition-all absolute sc-fjdhpX EvsuF"
          data-index={0}
          data-template="default"
        >
          <div
            className="grid full-content sc-kGXeez irgGSN"
          >
            <div
              className="flex-column-center relative"
              style={
                Object {
                  "backgroundImage": "url(https://img.ibxk.com.br/2019/07/10/10153244993210.jpg)",
                }
              }
            >
              <div
                className="full-content absolute sc-kAzzGY huVELo"
              />
              <div
                className="relative sc-chPdSV dmFdMx"
              >
                <h2
                  className="sc-bwzfXH bXhZGo"
                  style={
                    Object {
                      "color": "#FFFFFF",
                    }
                  }
                >
                  Lorem ipsum dolor sit amet
                </h2>
                <h3
                  className="sc-htpNat kSTdGb"
                  style={
                    Object {
                      "color": "#FFFFFF",
                    }
                  }
                >
                  Sed non dui sed purus hendrerit aliquet a nec magna. Nulla et nisl eget nulla imperdiet mattis?
                </h3>
              </div>
            </div>
            <div
              className="flex-column-center sc-kgoBCf eCeXRY"
            >
              <p
                className="sc-bxivhb fysKgG"
                style={
                  Object {
                    "color": "#333333",
                  }
                }
              >
                Aliquam facilisis tempus neque, ac accumsan elit bibendum non. Duis molestie libero porta tortor placerat, vitae cursus diam placerat. Fusce feugiat libero erat, suscipit venenatis purus eleifend non
              </p>
            </div>
          </div>
        </div>
        <div
          className="hidden transition-all absolute sc-fjdhpX EvsuF"
          data-index={1}
          data-template="template_1"
        >
          <div
            className="full-content grid sc-dxgOiQ eCPVFJ"
          >
            <div
              className="flex-algin-end full-content relative"
              style={
                Object {
                  "backgroundImage": "url(https://img.ibxk.com.br/2019/07/10/10091423089001.jpg)",
                }
              }
            >
              <div
                className="full-content absolute sc-kAzzGY huVELo"
              />
            </div>
            <div>
              <div
                className="sc-ckVGcZ cGlCSD"
              >
                <h2
                  className="sc-bwzfXH bXhZGo"
                  style={
                    Object {
                      "color": "#333333",
                    }
                  }
                >
                  Lorem ipsum dolor
                </h2>
                <h3
                  className="sc-htpNat kSTdGb"
                  style={
                    Object {
                      "color": "#999999",
                    }
                  }
                >
                  Sed non dui sed purus hendrerit aliquet a nec magna. 
                </h3>
              </div>
              <div
                className="flex-column-center sc-kgoBCf eCeXRY"
              >
                <p
                  className="sc-bxivhb fysKgG"
                  style={
                    Object {
                      "color": "#333333",
                    }
                  }
                >
                  Aliquam facilisis tempus neque, ac accumsan elit bibendum non. Duis molestie libero porta tortor placerat, vitae cursus diam placerat. Fusce feugiat libero erat, suscipit venenatis purus eleifend non
                </p>
              </div>
            </div>
          </div>
        </div>
        <div
          className="hidden transition-all absolute sc-fjdhpX EvsuF"
          data-index={2}
          data-template="template_2"
        >
          <div
            className="full-content sc-jKJlTe fTNQEP"
          >
            <div
              className="flex-algin-end full-content relative"
              style={
                Object {
                  "backgroundImage": "url(https://img.ibxk.com.br/2019/07/10/10145408149192.jpg)",
                }
              }
            >
              <div
                className="full-content absolute sc-kAzzGY huVELo"
              />
              <div
                className="relative sc-chPdSV dmFdMx"
              >
                <h2
                  className="sc-bwzfXH bXhZGo"
                  style={
                    Object {
                      "color": "#FFFFFF",
                    }
                  }
                >
                  Lorem ipsum dolor sit amet
                </h2>
                <h3
                  className="sc-htpNat kSTdGb"
                  style={
                    Object {
                      "color": "#FFFFFF",
                    }
                  }
                >
                  Sed non dui sed purus hendrerit aliquet a nec magna. Nulla et nisl eget nulla imperdiet mattis?
                </h3>
              </div>
            </div>
          </div>
        </div>
        <div
          className="hidden transition-all absolute sc-fjdhpX EvsuF"
          data-index={3}
          data-template="template_3"
        >
          <div
            className="full-content sc-kpOJdX fprTlO"
          >
            <div
              className="flex-column-center full-content relative"
              style={
                Object {
                  "backgroundImage": "url(https://img.ibxk.com.br/2019/06/17/17152604467364.jpg)",
                }
              }
            >
              <div
                className="full-content absolute sc-kAzzGY huVELo"
              />
              <div
                className="relative sc-chPdSV dmFdMx"
              >
                <h2
                  className="sc-bwzfXH bXhZGo"
                  style={
                    Object {
                      "color": "#FFFFFF",
                    }
                  }
                >
                  Lorem ipsum dolor sit amet
                </h2>
                <h3
                  className="sc-htpNat kSTdGb"
                  style={
                    Object {
                      "color": "#FFFFFF",
                    }
                  }
                >
                  Sed non dui sed purus hendrerit aliquet a nec magna
                </h3>
              </div>
            </div>
          </div>
        </div>
      </div>
      <div
        className="absolute sc-jzJRlG jSDmKE"
        data-max={0}
      >
        <button
          className="button-lg button-normal-default transition-all sc-bdVaJa dyiLYP"
          onClick={[Function]}
          type="button"
        >
          Próximo
        </button>
      </div>
    </div>
  </div>,
  <div
    className="container"
  >
    <h2
      className="sc-bwzfXH eTarrl"
    >
      Slider Auto Play (5s)
    </h2>
    <div
      className="relative sc-VigVT bxaSuL"
    >
      <div
        className="full-content relative sc-jTzLTM eCMmlJ"
      >
        <div
          className="visible transition-all absolute sc-fjdhpX EvsuF"
          data-index={0}
          data-template="default"
        >
          <div
            className="grid full-content sc-kGXeez irgGSN"
          >
            <div
              className="flex-column-center relative"
              style={
                Object {
                  "backgroundImage": "url(https://img.ibxk.com.br/2019/07/10/10153244993210.jpg)",
                }
              }
            >
              <div
                className="full-content absolute sc-kAzzGY huVELo"
              />
              <div
                className="relative sc-chPdSV dmFdMx"
              >
                <h2
                  className="sc-bwzfXH bXhZGo"
                  style={
                    Object {
                      "color": "#FFFFFF",
                    }
                  }
                >
                  Lorem ipsum dolor sit amet
                </h2>
                <h3
                  className="sc-htpNat kSTdGb"
                  style={
                    Object {
                      "color": "#FFFFFF",
                    }
                  }
                >
                  Sed non dui sed purus hendrerit aliquet a nec magna. Nulla et nisl eget nulla imperdiet mattis?
                </h3>
              </div>
            </div>
            <div
              className="flex-column-center sc-kgoBCf eCeXRY"
            >
              <p
                className="sc-bxivhb fysKgG"
                style={
                  Object {
                    "color": "#333333",
                  }
                }
              >
                Aliquam facilisis tempus neque, ac accumsan elit bibendum non. Duis molestie libero porta tortor placerat, vitae cursus diam placerat. Fusce feugiat libero erat, suscipit venenatis purus eleifend non
              </p>
            </div>
          </div>
        </div>
        <div
          className="hidden transition-all absolute sc-fjdhpX EvsuF"
          data-index={1}
          data-template="template_1"
        >
          <div
            className="full-content grid sc-dxgOiQ eCPVFJ"
          >
            <div
              className="flex-algin-end full-content relative"
              style={
                Object {
                  "backgroundImage": "url(https://img.ibxk.com.br/2019/07/10/10091423089001.jpg)",
                }
              }
            >
              <div
                className="full-content absolute sc-kAzzGY huVELo"
              />
            </div>
            <div>
              <div
                className="sc-ckVGcZ cGlCSD"
              >
                <h2
                  className="sc-bwzfXH bXhZGo"
                  style={
                    Object {
                      "color": "#333333",
                    }
                  }
                >
                  Lorem ipsum dolor
                </h2>
                <h3
                  className="sc-htpNat kSTdGb"
                  style={
                    Object {
                      "color": "#999999",
                    }
                  }
                >
                  Sed non dui sed purus hendrerit aliquet a nec magna. 
                </h3>
              </div>
              <div
                className="flex-column-center sc-kgoBCf eCeXRY"
              >
                <p
                  className="sc-bxivhb fysKgG"
                  style={
                    Object {
                      "color": "#333333",
                    }
                  }
                >
                  Aliquam facilisis tempus neque, ac accumsan elit bibendum non. Duis molestie libero porta tortor placerat, vitae cursus diam placerat. Fusce feugiat libero erat, suscipit venenatis purus eleifend non
                </p>
              </div>
            </div>
          </div>
        </div>
        <div
          className="hidden transition-all absolute sc-fjdhpX EvsuF"
          data-index={2}
          data-template="template_2"
        >
          <div
            className="full-content sc-jKJlTe fTNQEP"
          >
            <div
              className="flex-algin-end full-content relative"
              style={
                Object {
                  "backgroundImage": "url(https://img.ibxk.com.br/2019/07/10/10145408149192.jpg)",
                }
              }
            >
              <div
                className="full-content absolute sc-kAzzGY huVELo"
              />
              <div
                className="relative sc-chPdSV dmFdMx"
              >
                <h2
                  className="sc-bwzfXH bXhZGo"
                  style={
                    Object {
                      "color": "#FFFFFF",
                    }
                  }
                >
                  Lorem ipsum dolor sit amet
                </h2>
                <h3
                  className="sc-htpNat kSTdGb"
                  style={
                    Object {
                      "color": "#FFFFFF",
                    }
                  }
                >
                  Sed non dui sed purus hendrerit aliquet a nec magna. Nulla et nisl eget nulla imperdiet mattis?
                </h3>
              </div>
            </div>
          </div>
        </div>
        <div
          className="hidden transition-all absolute sc-fjdhpX EvsuF"
          data-index={3}
          data-template="template_3"
        >
          <div
            className="full-content sc-kpOJdX fprTlO"
          >
            <div
              className="flex-column-center full-content relative"
              style={
                Object {
                  "backgroundImage": "url(https://img.ibxk.com.br/2019/06/17/17152604467364.jpg)",
                }
              }
            >
              <div
                className="full-content absolute sc-kAzzGY huVELo"
              />
              <div
                className="relative sc-chPdSV dmFdMx"
              >
                <h2
                  className="sc-bwzfXH bXhZGo"
                  style={
                    Object {
                      "color": "#FFFFFF",
                    }
                  }
                >
                  Lorem ipsum dolor sit amet
                </h2>
                <h3
                  className="sc-htpNat kSTdGb"
                  style={
                    Object {
                      "color": "#FFFFFF",
                    }
                  }
                >
                  Sed non dui sed purus hendrerit aliquet a nec magna
                </h3>
              </div>
            </div>
          </div>
        </div>
      </div>
      <div
        className="absolute sc-jzJRlG jSDmKE"
        data-max={0}
      >
        <button
          className="button-lg button-normal-default transition-all sc-bdVaJa dyiLYP"
          onClick={[Function]}
          type="button"
        >
          Próximo
        </button>
      </div>
    </div>
  </div>,
]
`;
